Traceback (most recent call last):
  File "<frozen runpy>", line 198, in _run_module_as_main
  File "<frozen runpy>", line 88, in _run_code
  File "/vast/projects/liuv/pennnetworks/jiaheng/sglang_my/python/sglang/launch_server.py", line 24, in <module>
    server_args = prepare_server_args(sys.argv[1:])
                  ^^^^^^^^^^^^^^^^^^^^^^^^^^^^^^^^^
  File "/vast/projects/liuv/pennnetworks/jiaheng/sglang_my/python/sglang/srt/server_args.py", line 4106, in prepare_server_args
    return ServerArgs.from_cli_args(raw_args)
           ^^^^^^^^^^^^^^^^^^^^^^^^^^^^^^^^^^
  File "/vast/projects/liuv/pennnetworks/jiaheng/sglang_my/python/sglang/srt/server_args.py", line 3707, in from_cli_args
    return cls(**{attr: getattr(args, attr) for attr in attrs})
           ^^^^^^^^^^^^^^^^^^^^^^^^^^^^^^^^^^^^^^^^^^^^^^^^^^^^
  File "<string>", line 281, in __init__
  File "/vast/projects/liuv/pennnetworks/jiaheng/sglang_my/python/sglang/srt/server_args.py", line 590, in __post_init__
    self._handle_missing_default_values()
  File "/vast/projects/liuv/pennnetworks/jiaheng/sglang_my/python/sglang/srt/server_args.py", line 675, in _handle_missing_default_values
    self.device = get_device()
                  ^^^^^^^^^^^^
  File "/vast/projects/liuv/pennnetworks/jiaheng/sglang_my/python/sglang/srt/utils/common.py", line 1819, in get_device
    raise RuntimeError("No accelerator (CUDA, XPU, HPU) is available.")
RuntimeError: No accelerator (CUDA, XPU, HPU) is available.
